../Core/Inc/DSP/DSP_IC_1.h:7540:6:default_download_IC_1	16	static
../Core/Src/main.c:120:5:main	552	static
../Core/Src/main.c:515:6:SystemClock_Config	88	static
../Core/Src/main.c:562:13:MX_ADC1_Init	24	static
../Core/Src/main.c:726:13:MX_I2C1_Init	8	static
../Core/Src/main.c:760:13:MX_I2C2_Init	8	static
../Core/Src/main.c:794:13:MX_I2C3_Init	8	static
../Core/Src/main.c:828:13:MX_TIM2_Init	32	static
../Core/Src/main.c:873:13:MX_TIM4_Init	32	static
../Core/Src/main.c:916:13:MX_DMA_Init	16	static
../Core/Src/main.c:934:13:MX_GPIO_Init	40	static
../Core/Src/main.c:980:6:SIGMA_WRITE_REGISTER_BLOCK	40	static
../Core/Src/main.c:985:6:SIGMA_WRITE_DELAY	16	static
../Core/Src/main.c:990:6:HAL_ADC_ConvCpltCallback	32	static
../Core/Src/main.c:1063:6:delay_us	16	static
../Core/Src/main.c:1068:6:Safeload_Write	8	static
../Core/Src/main.c:1091:6:Error_Handler	4	static,ignoring_inline_asm
