../Core/Inc/DSP/DSP_IC_1.h:7565:6:default_download_IC_1	16	static
../Core/Src/main.c:120:5:main	552	static
../Core/Src/main.c:515:6:SystemClock_Config	88	static
../Core/Src/main.c:562:13:MX_ADC1_Init	24	static
../Core/Src/main.c:740:13:MX_I2C1_Init	8	static
../Core/Src/main.c:774:13:MX_I2C2_Init	8	static
../Core/Src/main.c:808:13:MX_I2C3_Init	8	static
../Core/Src/main.c:842:13:MX_TIM2_Init	32	static
../Core/Src/main.c:887:13:MX_TIM4_Init	32	static
../Core/Src/main.c:930:13:MX_DMA_Init	16	static
../Core/Src/main.c:948:13:MX_GPIO_Init	40	static
../Core/Src/main.c:994:6:SIGMA_WRITE_REGISTER_BLOCK	40	static
../Core/Src/main.c:999:6:SIGMA_WRITE_DELAY	16	static
../Core/Src/main.c:1004:6:HAL_ADC_ConvCpltCallback	32	static
../Core/Src/main.c:1077:6:delay_us	16	static
../Core/Src/main.c:1082:6:Safeload_Write	8	static
../Core/Src/main.c:1105:6:Error_Handler	4	static,ignoring_inline_asm
